// Jest Snapshot v1, https://goo.gl/fbAQLP

exports[`should render Login Page correctly 1`] = `
<div
  className="box-layout"
>
  <div
    className="box-layout__box"
  >
    <h1>
      Expenz Login
    </h1>
    <p>
      Get your expenses under control
    </p>
    <button
      className="button"
    >
      Login with Google
    </button>
  </div>
</div>
`;
